Release 14.7 - xst P.20131013 (nt)
Copyright (c) 1995-2013 Xilinx, Inc.  All rights reserved.
--> Parameter TMPDIR set to xst/projnav.tmp


Total REAL time to Xst completion: 0.00 secs
Total CPU time to Xst completion: 0.12 secs
 
--> Parameter xsthdpdir set to xst


Total REAL time to Xst completion: 0.00 secs
Total CPU time to Xst completion: 0.13 secs
 
--> Reading design: Test_WAVreader.prj

TABLE OF CONTENTS
  1) Synthesis Options Summary
  2) HDL Compilation
  3) Design Hierarchy Analysis
  4) HDL Analysis
  5) HDL Synthesis
     5.1) HDL Synthesis Report
  6) Advanced HDL Synthesis
     6.1) Advanced HDL Synthesis Report
  7) Low Level Synthesis
  8) Partition Report
  9) Final Report
	9.1) Device utilization summary
	9.2) Partition Resource Summary
	9.3) TIMING REPORT


=========================================================================
*                      Synthesis Options Summary                        *
=========================================================================
---- Source Parameters
Input File Name                    : "Test_WAVreader.prj"
Input Format                       : mixed
Ignore Synthesis Constraint File   : NO

---- Target Parameters
Output File Name                   : "Test_WAVreader"
Output Format                      : NGC
Target Device                      : xc3s500e-4-fg320

---- Source Options
Top Module Name                    : Test_WAVreader
Automatic FSM Extraction           : YES
FSM Encoding Algorithm             : Auto
Safe Implementation                : No
FSM Style                          : LUT
RAM Extraction                     : Yes
RAM Style                          : Auto
ROM Extraction                     : Yes
Mux Style                          : Auto
Decoder Extraction                 : YES
Priority Encoder Extraction        : Yes
Shift Register Extraction          : YES
Logical Shifter Extraction         : YES
XOR Collapsing                     : YES
ROM Style                          : Auto
Mux Extraction                     : Yes
Resource Sharing                   : YES
Asynchronous To Synchronous        : NO
Multiplier Style                   : Auto
Automatic Register Balancing       : No

---- Target Options
Add IO Buffers                     : YES
Global Maximum Fanout              : 100000
Add Generic Clock Buffer(BUFG)     : 24
Register Duplication               : YES
Slice Packing                      : YES
Optimize Instantiated Primitives   : NO
Use Clock Enable                   : Yes
Use Synchronous Set                : Yes
Use Synchronous Reset              : Yes
Pack IO Registers into IOBs        : Auto
Equivalent register Removal        : YES

---- General Options
Optimization Goal                  : Speed
Optimization Effort                : 1
Keep Hierarchy                     : No
Netlist Hierarchy                  : As_Optimized
RTL Output                         : Yes
Global Optimization                : AllClockNets
Read Cores                         : YES
Write Timing Constraints           : NO
Cross Clock Analysis               : NO
Hierarchy Separator                : /
Bus Delimiter                      : <>
Case Specifier                     : Maintain
Slice Utilization Ratio            : 100
BRAM Utilization Ratio             : 100
Verilog 2001                       : YES
Auto BRAM Packing                  : NO
Slice Utilization Ratio Delta      : 5

=========================================================================


=========================================================================
*                          HDL Compilation                              *
=========================================================================
WARNING:HDLParsers:3607 - Unit work/Test_WAVreader is now defined in a different file.  It was defined in "C:/Users/lab/Desktop/swks/wav_player_v1/Test_WAVreader.vhf", and is now defined in "C:/Users/lab/Desktop/swilgosz/wav_player_v1/Test_WAVreader.vhf".
WARNING:HDLParsers:3607 - Unit work/Test_WAVreader/BEHAVIORAL is now defined in a different file.  It was defined in "C:/Users/lab/Desktop/swks/wav_player_v1/Test_WAVreader.vhf", and is now defined in "C:/Users/lab/Desktop/swilgosz/wav_player_v1/Test_WAVreader.vhf".
Compiling vhdl file "C:/Users/lab/Desktop/swilgosz/wav_player_v1/Test_WAVreader.vhf" in Library work.
Architecture behavioral of Entity test_wavreader is up to date.

=========================================================================
*                     Design Hierarchy Analysis                         *
=========================================================================
Analyzing hierarchy for entity <Test_WAVreader> in library <work> (architecture <behavioral>).

Analyzing hierarchy for entity <FSM_SendSamples> in library <work> (architecture <behavioral>).


=========================================================================
*                            HDL Analysis                               *
=========================================================================
Analyzing Entity <Test_WAVreader> in library <work> (Architecture <behavioral>).
WARNING:Xst:2211 - "C:/Users/lab/Desktop/swilgosz/wav_player_v1/Test_WAVreader.vhf" line 166: Instantiating black box module <RotaryEnc>.
WARNING:Xst:2211 - "C:/Users/lab/Desktop/swilgosz/wav_player_v1/Test_WAVreader.vhf" line 173: Instantiating black box module <WAVreader>.
WARNING:Xst:753 - "C:/Users/lab/Desktop/swilgosz/wav_player_v1/Test_WAVreader.vhf" line 209: Unconnected output port 'SF_CE0' of component 'DACWrite'.
WARNING:Xst:2211 - "C:/Users/lab/Desktop/swilgosz/wav_player_v1/Test_WAVreader.vhf" line 209: Instantiating black box module <DACWrite>.
WARNING:Xst:2211 - "C:/Users/lab/Desktop/swilgosz/wav_player_v1/Test_WAVreader.vhf" line 229: Instantiating black box module <LCD1x64>.
Entity <Test_WAVreader> analyzed. Unit <Test_WAVreader> generated.

Analyzing Entity <FSM_SendSamples> in library <work> (Architecture <behavioral>).
Entity <FSM_SendSamples> analyzed. Unit <FSM_SendSamples> generated.


=========================================================================
*                           HDL Synthesis                               *
=========================================================================

Performing bidirectional port resolution...

Synthesizing Unit <FSM_SendSamples>.
    Related source file is "C:/Users/lab/Desktop/swks/wav_player_v1/FSM_SendSamples.vhd".
WARNING:Xst:647 - Input <SampL<3:0>> is never used. This port will be preserved and left unconnected if it belongs to a top-level block or it belongs to a sub-block and the hierarchy of this sub-block is preserved.
WARNING:Xst:647 - Input <SampR<3:0>> is never used. This port will be preserved and left unconnected if it belongs to a top-level block or it belongs to a sub-block and the hierarchy of this sub-block is preserved.
    Found finite state machine <FSM_0> for signal <State>.
    -----------------------------------------------------------------------
    | States             | 6                                              |
    | Transitions        | 10                                             |
    | Inputs             | 3                                              |
    | Outputs            | 9                                              |
    | Clock              | Clk                       (rising_edge)        |
    | Reset              | Reset                     (positive)           |
    | Reset type         | asynchronous                                   |
    | Reset State        | sreset                                         |
    | Power Up State     | sreset                                         |
    | Encoding           | automatic                                      |
    | Implementation     | LUT                                            |
    -----------------------------------------------------------------------
    Summary:
	inferred   1 Finite State Machine(s).
Unit <FSM_SendSamples> synthesized.


Synthesizing Unit <Test_WAVreader>.
    Related source file is "C:/Users/lab/Desktop/swilgosz/wav_player_v1/Test_WAVreader.vhf".
WARNING:Xst:653 - Signal <Line<63:16>> is used but never assigned. This sourceless signal will be automatically connected to value 000000000000000000000000000000000000000000000000.
Unit <Test_WAVreader> synthesized.


=========================================================================
HDL Synthesis Report

Found no macro
=========================================================================

=========================================================================
*                       Advanced HDL Synthesis                          *
=========================================================================

Analyzing FSM <FSM_0> for best encoding.
Optimizing FSM <XLXI_30/State/FSM> on signal <State[1:3]> with gray encoding.
--------------------
 State  | Encoding
--------------------
 sreset | 000
 sready | 001
 swaitl | 011
 ssendl | 010
 swaitr | 110
 ssendr | 111
--------------------
Reading core <RotaryEnc.ngc>.
Reading core <WAVreader.ngc>.
Reading core <DACWrite.ngc>.
Reading core <LCD1x64.ngc>.
Loading core <RotaryEnc> for timing and area information for instance <XLXI_1>.
Loading core <WAVreader> for timing and area information for instance <XLXI_2>.
Loading core <DACWrite> for timing and area information for instance <XLXI_31>.
Loading core <LCD1x64> for timing and area information for instance <XLXI_40>.

=========================================================================
Advanced HDL Synthesis Report

Macro Statistics
# FSMs                                                 : 1

=========================================================================

=========================================================================
*                         Low Level Synthesis                           *
=========================================================================

Optimizing unit <Test_WAVreader> ...

Mapping all equations...
Building and optimizing final netlist ...
Found area constraint ratio of 100 (+ 5) on block Test_WAVreader, actual ratio is 18.
INFO:Xst:2260 - The FF/Latch <cntDigit_0> in Unit <XLXI_40> is equivalent to the following 4 FFs/Latches : <cntDigit_0_1> <cntDigit_0_2> <cntDigit_0_3> <cntDigit_0_4> 
INFO:Xst:2260 - The FF/Latch <cntDigit_1> in Unit <XLXI_40> is equivalent to the following 2 FFs/Latches : <cntDigit_1_1> <cntDigit_1_2> 
INFO:Xst:2260 - The FF/Latch <State_16> in Unit <XLXI_40> is equivalent to the following FF/Latch : <State_16_1> 
INFO:Xst:2260 - The FF/Latch <cntDigit_0> in Unit <XLXI_40> is equivalent to the following 4 FFs/Latches : <cntDigit_0_1> <cntDigit_0_2> <cntDigit_0_3> <cntDigit_0_4> 
INFO:Xst:2260 - The FF/Latch <cntDigit_1> in Unit <XLXI_40> is equivalent to the following 2 FFs/Latches : <cntDigit_1_1> <cntDigit_1_2> 
INFO:Xst:2260 - The FF/Latch <State_16> in Unit <XLXI_40> is equivalent to the following FF/Latch : <State_16_1> 

Final Macro Processing ...

=========================================================================
Final Register Report

Macro Statistics
# Registers                                            : 3
 Flip-Flops                                            : 3

=========================================================================

=========================================================================
*                           Partition Report                            *
=========================================================================

Partition Implementation Status
-------------------------------

  No Partitions were found in this design.

-------------------------------

=========================================================================
*                            Final Report                               *
=========================================================================
Final Results
RTL Top Level Output File Name     : Test_WAVreader.ngr
Top Level Output File Name         : Test_WAVreader
Output Format                      : NGC
Optimization Goal                  : Speed
Keep Hierarchy                     : No

Design Statistics
# IOs                              : 35

Cell Usage :
# BELS                             : 2130
#      BUF                         : 4
#      GND                         : 5
#      INV                         : 59
#      LUT1                        : 96
#      LUT2                        : 186
#      LUT2_D                      : 7
#      LUT2_L                      : 10
#      LUT3                        : 325
#      LUT3_D                      : 15
#      LUT3_L                      : 19
#      LUT4                        : 653
#      LUT4_D                      : 56
#      LUT4_L                      : 70
#      MULT_AND                    : 9
#      MUXCY                       : 283
#      MUXF5                       : 46
#      MUXF6                       : 10
#      MUXF7                       : 5
#      OR2                         : 2
#      VCC                         : 5
#      XORCY                       : 265
# FlipFlops/Latches                : 730
#      FD                          : 114
#      FDC                         : 3
#      FDE                         : 169
#      FDR                         : 96
#      FDRE                        : 205
#      FDRS                        : 19
#      FDRSE                       : 9
#      FDS                         : 113
#      FDSE                        : 2
# RAMS                             : 1
#      RAMB16_S9_S9                : 1
# Shift Registers                  : 2
#      SRL16                       : 2
# Clock Buffers                    : 1
#      BUFGP                       : 1
# IO Buffers                       : 34
#      IBUF                        : 9
#      IOBUF                       : 4
#      OBUF                        : 21
=========================================================================

Device utilization summary:
---------------------------

Selected Device : 3s500efg320-4 

 Number of Slices:                      867  out of   4656    18%  
 Number of Slice Flip Flops:            730  out of   9312     7%  
 Number of 4 input LUTs:               1498  out of   9312    16%  
    Number used as logic:              1496
    Number used as Shift registers:       2
 Number of IOs:                          35
 Number of bonded IOBs:                  35  out of    232    15%  
 Number of BRAMs:                         1  out of     20     5%  
 Number of GCLKs:                         1  out of     24     4%  

---------------------------
Partition Resource Summary:
---------------------------

  No Partitions were found in this design.

---------------------------


=========================================================================
TIMING REPORT

NOTE: THESE TIMING NUMBERS ARE ONLY A SYNTHESIS ESTIMATE.
      FOR ACCURATE TIMING INFORMATION PLEASE REFER TO THE TRACE REPORT
      GENERATED AFTER PLACE-and-ROUTE.

Clock Information:
------------------
-----------------------------------+------------------------+-------+
Clock Signal                       | Clock buffer(FF name)  | Load  |
-----------------------------------+------------------------+-------+
Clk_50MHz                          | BUFGP                  | 733   |
-----------------------------------+------------------------+-------+

Asynchronous Control Signals Information:
----------------------------------------
-----------------------------------+------------------------+-------+
Control Signal                     | Buffer(FF name)        | Load  |
-----------------------------------+------------------------+-------+
BTN_SOUTH                          | IBUF                   | 3     |
-----------------------------------+------------------------+-------+

Timing Summary:
---------------
Speed Grade: -4

   Minimum period: 11.111ns (Maximum Frequency: 90.004MHz)
   Minimum input arrival time before clock: 10.065ns
   Maximum output required time after clock: 7.731ns
   Maximum combinational path delay: 7.263ns

Timing Detail:
--------------
All values displayed in nanoseconds (ns)

=========================================================================
Timing constraint: Default period analysis for Clock 'Clk_50MHz'
  Clock period: 11.111ns (frequency: 90.004MHz)
  Total number of paths / destination ports: 39628 / 1530
-------------------------------------------------------------------------
Delay:               11.111ns (Levels of Logic = 7)
  Source:            XLXI_2/XLXI_1/XLXI_89/cntBytes_5 (FF)
  Destination:       XLXI_2/XLXI_3/DO_R_9 (FF)
  Source Clock:      Clk_50MHz rising
  Destination Clock: Clk_50MHz rising

  Data Path: XLXI_2/XLXI_1/XLXI_89/cntBytes_5 to XLXI_2/XLXI_3/DO_R_9
                                Gate     Net
    Cell:in->out      fanout   Delay   Delay  Logical Name (Net Name)
    ----------------------------------------  ------------
     FDRE:C->Q             3   0.591   0.706  XLXI_1/XLXI_89/cntBytes_5 (XLXI_1/XLXI_89/cntBytes<5>)
     LUT3:I0->O            1   0.704   0.455  XLXI_1/XLXI_89/Full512_mux0000233_SW0 (N348)
     LUT4_D:I2->LO         1   0.704   0.135  XLXI_1/XLXI_89/Full512_mux0000233 (N551)
     LUT3:I2->O            6   0.704   0.673  XLXI_1/XLXI_89/NextState_0_cmp_eq000011 (XLXI_1/XLXI_89/N3)
     LUT4:I3->O           65   0.704   1.352  XLXI_3/State_mux0006<11>11111_1 (XLXI_3/State_mux0006<11>11111)
     LUT2:I1->O            9   0.704   0.824  XLXI_3/State_mux0006<11>1121 (XLXI_3/DO_L_0_and0000)
     LUT4_L:I3->LO         1   0.704   0.135  XLXI_3/DO_R_10_not0001_SW0 (N263)
     LUT3:I2->O            8   0.704   0.757  XLXI_3/DO_R_10_not0001 (XLXI_3/DO_R_10_not0001)
     FDRE:CE                   0.555          XLXI_3/DO_R_10
    ----------------------------------------
    Total                     11.111ns (6.074ns logic, 5.037ns route)
                                       (54.7% logic, 45.3% route)

=========================================================================
Timing constraint: Default OFFSET IN BEFORE for Clock 'Clk_50MHz'
  Total number of paths / destination ports: 200 / 180
-------------------------------------------------------------------------
Offset:              10.065ns (Levels of Logic = 10)
  Source:            SW_2 (PAD)
  Destination:       XLXI_2/XLXI_1/XLXI_90/State_23 (FF)
  Destination Clock: Clk_50MHz rising

  Data Path: SW_2 to XLXI_2/XLXI_1/XLXI_90/State_23
                                Gate     Net
    Cell:in->out      fanout   Delay   Delay  Logical Name (Net Name)
    ----------------------------------------  ------------
     IBUF:I->O             1   1.218   0.420  SW_2_IBUF (SW_2_IBUF)
     BUF:I->O              2   0.704   0.622  XLXI_43 (FName<2>)
     begin scope: 'XLXI_2'
     LUT4:I0->O            1   0.704   0.499  XLXI_1/XLXI_90/NextState_and000421 (XLXI_1/XLXI_90/NextState_and000421)
     LUT4:I1->O            1   0.704   0.595  XLXI_1/XLXI_90/NextState_and000468 (XLXI_1/XLXI_90/NextState_and000468)
     LUT3_D:I0->LO         1   0.704   0.135  XLXI_1/XLXI_90/NextState_and0004180 (N534)
     LUT4:I2->O            1   0.704   0.595  XLXI_1/XLXI_90/State_mux0002<8>126 (XLXI_1/XLXI_90/State_mux0002<8>126)
     LUT4:I0->O            1   0.704   0.000  XLXI_1/XLXI_90/State_mux0002<8>150_F (N496)
     MUXF5:I0->O           1   0.321   0.424  XLXI_1/XLXI_90/State_mux0002<8>150 (XLXI_1/XLXI_90/State_mux0002<8>150)
     LUT4:I3->O            1   0.704   0.000  XLXI_1/XLXI_90/State_mux0002<8>1771 (XLXI_1/XLXI_90/State_mux0002<8>177)
     FDS:D                     0.308          XLXI_1/XLXI_90/State_23
    ----------------------------------------
    Total                     10.065ns (6.775ns logic, 3.290ns route)
                                       (67.3% logic, 32.7% route)

=========================================================================
Timing constraint: Default OFFSET OUT AFTER for Clock 'Clk_50MHz'
  Total number of paths / destination ports: 41 / 18
-------------------------------------------------------------------------
Offset:              7.731ns (Levels of Logic = 4)
  Source:            XLXI_2/XLXI_1/XLXI_86/XLXI_2/State_2 (FF)
  Destination:       SDC_MOSI (PAD)
  Source Clock:      Clk_50MHz rising

  Data Path: XLXI_2/XLXI_1/XLXI_86/XLXI_2/State_2 to SDC_MOSI
                                Gate     Net
    Cell:in->out      fanout   Delay   Delay  Logical Name (Net Name)
    ----------------------------------------  ------------
     FDR:C->Q             11   0.591   1.108  XLXI_1/XLXI_86/XLXI_2/State_2 (XLXI_1/XLXI_86/XLXI_2/State<2>)
     LUT3:I0->O            8   0.704   0.932  XLXI_1/XLXI_86/XLXI_2/TxByteCE_cmp_eq000011 (XLXI_1/XLXI_86/XLXI_2/N7)
     LUT3:I0->O            1   0.704   0.420  XLXI_1/XLXI_86/XLXI_2/MOSI1 (SDC_MOSI)
     end scope: 'XLXI_2'
     OBUF:I->O                 3.272          SDC_MOSI_OBUF (SDC_MOSI)
    ----------------------------------------
    Total                      7.731ns (5.271ns logic, 2.460ns route)
                                       (68.2% logic, 31.8% route)

=========================================================================
Timing constraint: Default path analysis
  Total number of paths / destination ports: 1 / 1
-------------------------------------------------------------------------
Delay:               7.263ns (Levels of Logic = 4)
  Source:            Clk_50MHz (PAD)
  Destination:       SPI_SCK (PAD)

  Data Path: Clk_50MHz to SPI_SCK
                                Gate     Net
    Cell:in->out      fanout   Delay   Delay  Logical Name (Net Name)
    ----------------------------------------  ------------
     BUFGP:I->O          735   1.457   1.410  Clk_50MHz_BUFGP (Clk_50MHz_BUFGP)
     begin scope: 'XLXI_31'
     INV:I->O              1   0.704   0.420  SPI_SCK1_INV_0 (SPI_SCK)
     end scope: 'XLXI_31'
     OBUF:I->O                 3.272          SPI_SCK_OBUF (SPI_SCK)
    ----------------------------------------
    Total                      7.263ns (5.433ns logic, 1.830ns route)
                                       (74.8% logic, 25.2% route)

=========================================================================


Total REAL time to Xst completion: 10.00 secs
Total CPU time to Xst completion: 9.47 secs
 
--> 

Total memory usage is 227508 kilobytes

Number of errors   :    0 (   0 filtered)
Number of warnings :   10 (   0 filtered)
Number of infos    :    6 (   0 filtered)

