V3 20
FL C:/Users/lab/Desktop/swks/lcd_ps/Test_LCD1x64.vhf 2015/04/21.10:55:12 P.20131013
EN work/FTCE_MXILINX_Test_LCD1x64 1429607172 \
      FL C:/Users/lab/Desktop/swks/lcd_ps/Test_LCD1x64.vhf PB ieee/std_logic_1164 1381692176 \
      PB ieee/NUMERIC_STD 1381692181 LB UNISIM PH unisim/VCOMPONENTS 1381692182
AR work/FTCE_MXILINX_Test_LCD1x64/BEHAVIORAL 1429607173 \
      FL C:/Users/lab/Desktop/swks/lcd_ps/Test_LCD1x64.vhf \
      EN work/FTCE_MXILINX_Test_LCD1x64 1429607172 CP XOR2 CP FDCE
EN work/CB16CE_MXILINX_Test_LCD1x64 1429607174 \
      FL C:/Users/lab/Desktop/swks/lcd_ps/Test_LCD1x64.vhf PB ieee/std_logic_1164 1381692176 \
      PB ieee/NUMERIC_STD 1381692181 LB UNISIM PH unisim/VCOMPONENTS 1381692182
AR work/CB16CE_MXILINX_Test_LCD1x64/BEHAVIORAL 1429607175 \
      FL C:/Users/lab/Desktop/swks/lcd_ps/Test_LCD1x64.vhf \
      EN work/CB16CE_MXILINX_Test_LCD1x64 1429607174 CP FTCE_MXILINX_Test_LCD1x64 \
      CP AND3 CP AND2 CP VCC CP AND4 CP AND5
EN work/Test_LCD1x64 1429607176 \
      FL C:/Users/lab/Desktop/swks/lcd_ps/Test_LCD1x64.vhf PB ieee/std_logic_1164 1381692176 \
      PB ieee/NUMERIC_STD 1381692181 LB UNISIM PH unisim/VCOMPONENTS 1381692182
AR work/Test_LCD1x64/BEHAVIORAL 1429607177 \
      FL C:/Users/lab/Desktop/swks/lcd_ps/Test_LCD1x64.vhf EN work/Test_LCD1x64 1429607176 \
      CP LCD1x64 CP RotaryEnc CP CB16CE_MXILINX_Test_LCD1x64 CP VCC CP BUF
