V3 13
FL C:/Users/lab/Desktop/swks/wav_player/FSM_SendSamples.vhd 2015/04/21.08:50:56 P.20131013
EN work/FSM_SendSamples 1429603774 \
      FL C:/Users/lab/Desktop/swks/wav_player/FSM_SendSamples.vhd \
      PB ieee/std_logic_1164 1381692176
AR work/FSM_SendSamples/Behavioral 1429603775 \
      FL C:/Users/lab/Desktop/swks/wav_player/FSM_SendSamples.vhd \
      EN work/FSM_SendSamples 1429603774
FL C:/Users/lab/Desktop/swks/wav_player/Test_WAVreader.vhf 2015/04/21.11:01:16 P.20131013
EN work/Test_WAVreader 1429606879 \
      FL C:/Users/lab/Desktop/swks/wav_player/Test_WAVreader.vhf \
      PB ieee/std_logic_1164 1381692176 PB ieee/NUMERIC_STD 1381692181 LB UNISIM \
      PH unisim/VCOMPONENTS 1381692182
AR work/Test_WAVreader/BEHAVIORAL 1429606880 \
      FL C:/Users/lab/Desktop/swks/wav_player/Test_WAVreader.vhf \
      EN work/Test_WAVreader 1429606879 CP RotaryEnc CP LCD1x64 CP BUF
