Release 14.7 - xst P.20131013 (nt)
Copyright (c) 1995-2013 Xilinx, Inc.  All rights reserved.
--> Parameter TMPDIR set to xst/projnav.tmp


Total REAL time to Xst completion: 0.00 secs
Total CPU time to Xst completion: 0.12 secs
 
--> Parameter xsthdpdir set to xst


Total REAL time to Xst completion: 0.00 secs
Total CPU time to Xst completion: 0.12 secs
 
--> Reading design: Test_LCD1x64.prj

TABLE OF CONTENTS
  1) Synthesis Options Summary
  2) HDL Compilation
  3) Design Hierarchy Analysis
  4) HDL Analysis
  5) HDL Synthesis
     5.1) HDL Synthesis Report
  6) Advanced HDL Synthesis
     6.1) Advanced HDL Synthesis Report
  7) Low Level Synthesis
  8) Partition Report
  9) Final Report
	9.1) Device utilization summary
	9.2) Partition Resource Summary
	9.3) TIMING REPORT


=========================================================================
*                      Synthesis Options Summary                        *
=========================================================================
---- Source Parameters
Input File Name                    : "Test_LCD1x64.prj"
Input Format                       : mixed
Ignore Synthesis Constraint File   : NO

---- Target Parameters
Output File Name                   : "Test_LCD1x64"
Output Format                      : NGC
Target Device                      : xc3s500e-4-fg320

---- Source Options
Top Module Name                    : Test_LCD1x64
Automatic FSM Extraction           : YES
FSM Encoding Algorithm             : Auto
Safe Implementation                : No
FSM Style                          : LUT
RAM Extraction                     : Yes
RAM Style                          : Auto
ROM Extraction                     : Yes
Mux Style                          : Auto
Decoder Extraction                 : YES
Priority Encoder Extraction        : Yes
Shift Register Extraction          : YES
Logical Shifter Extraction         : YES
XOR Collapsing                     : YES
ROM Style                          : Auto
Mux Extraction                     : Yes
Resource Sharing                   : YES
Asynchronous To Synchronous        : NO
Multiplier Style                   : Auto
Automatic Register Balancing       : No

---- Target Options
Add IO Buffers                     : YES
Global Maximum Fanout              : 100000
Add Generic Clock Buffer(BUFG)     : 24
Register Duplication               : YES
Slice Packing                      : YES
Optimize Instantiated Primitives   : NO
Use Clock Enable                   : Yes
Use Synchronous Set                : Yes
Use Synchronous Reset              : Yes
Pack IO Registers into IOBs        : Auto
Equivalent register Removal        : YES

---- General Options
Optimization Goal                  : Speed
Optimization Effort                : 1
Keep Hierarchy                     : No
Netlist Hierarchy                  : As_Optimized
RTL Output                         : Yes
Global Optimization                : AllClockNets
Read Cores                         : YES
Write Timing Constraints           : NO
Cross Clock Analysis               : NO
Hierarchy Separator                : /
Bus Delimiter                      : <>
Case Specifier                     : Maintain
Slice Utilization Ratio            : 100
BRAM Utilization Ratio             : 100
Verilog 2001                       : YES
Auto BRAM Packing                  : NO
Slice Utilization Ratio Delta      : 5

=========================================================================


=========================================================================
*                          HDL Compilation                              *
=========================================================================
Compiling vhdl file "C:/Users/lab/Desktop/swks/lcd_ps/Test_LCD1x64.vhf" in Library work.
Architecture behavioral of Entity ftce_mxilinx_test_lcd1x64 is up to date.
Architecture behavioral of Entity cb16ce_mxilinx_test_lcd1x64 is up to date.
Architecture behavioral of Entity test_lcd1x64 is up to date.

=========================================================================
*                     Design Hierarchy Analysis                         *
=========================================================================
Analyzing hierarchy for entity <Test_LCD1x64> in library <work> (architecture <behavioral>).

Analyzing hierarchy for entity <CB16CE_MXILINX_Test_LCD1x64> in library <work> (architecture <behavioral>).

Analyzing hierarchy for entity <FTCE_MXILINX_Test_LCD1x64> in library <work> (architecture <behavioral>) with generics.
	INIT = '0'


=========================================================================
*                            HDL Analysis                               *
=========================================================================
Analyzing Entity <Test_LCD1x64> in library <work> (Architecture <behavioral>).
WARNING:Xst:2211 - "C:/Users/lab/Desktop/swks/lcd_ps/Test_LCD1x64.vhf" line 474: Instantiating black box module <LCD1x64>.
WARNING:Xst:2211 - "C:/Users/lab/Desktop/swks/lcd_ps/Test_LCD1x64.vhf" line 485: Instantiating black box module <RotaryEnc>.
WARNING:Xst:753 - "C:/Users/lab/Desktop/swks/lcd_ps/Test_LCD1x64.vhf" line 492: Unconnected output port 'CEO' of component 'CB16CE_MXILINX_Test_LCD1x64'.
WARNING:Xst:753 - "C:/Users/lab/Desktop/swks/lcd_ps/Test_LCD1x64.vhf" line 492: Unconnected output port 'TC' of component 'CB16CE_MXILINX_Test_LCD1x64'.
    Set user-defined property "HU_SET =  XLXI_3_16" for instance <XLXI_3> in unit <Test_LCD1x64>.
WARNING:Xst:753 - "C:/Users/lab/Desktop/swks/lcd_ps/Test_LCD1x64.vhf" line 500: Unconnected output port 'CEO' of component 'CB16CE_MXILINX_Test_LCD1x64'.
WARNING:Xst:753 - "C:/Users/lab/Desktop/swks/lcd_ps/Test_LCD1x64.vhf" line 500: Unconnected output port 'TC' of component 'CB16CE_MXILINX_Test_LCD1x64'.
    Set user-defined property "HU_SET =  XLXI_4_17" for instance <XLXI_4> in unit <Test_LCD1x64>.
Entity <Test_LCD1x64> analyzed. Unit <Test_LCD1x64> generated.

Analyzing Entity <CB16CE_MXILINX_Test_LCD1x64> in library <work> (Architecture <behavioral>).
    Set user-defined property "HU_SET =  I_Q0_1" for instance <I_Q0> in unit <CB16CE_MXILINX_Test_LCD1x64>.
    Set user-defined property "HU_SET =  I_Q1_0" for instance <I_Q1> in unit <CB16CE_MXILINX_Test_LCD1x64>.
    Set user-defined property "HU_SET =  I_Q2_3" for instance <I_Q2> in unit <CB16CE_MXILINX_Test_LCD1x64>.
    Set user-defined property "HU_SET =  I_Q3_2" for instance <I_Q3> in unit <CB16CE_MXILINX_Test_LCD1x64>.
    Set user-defined property "HU_SET =  I_Q4_7" for instance <I_Q4> in unit <CB16CE_MXILINX_Test_LCD1x64>.
    Set user-defined property "HU_SET =  I_Q5_6" for instance <I_Q5> in unit <CB16CE_MXILINX_Test_LCD1x64>.
    Set user-defined property "HU_SET =  I_Q6_5" for instance <I_Q6> in unit <CB16CE_MXILINX_Test_LCD1x64>.
    Set user-defined property "HU_SET =  I_Q7_4" for instance <I_Q7> in unit <CB16CE_MXILINX_Test_LCD1x64>.
    Set user-defined property "HU_SET =  I_Q8_8" for instance <I_Q8> in unit <CB16CE_MXILINX_Test_LCD1x64>.
    Set user-defined property "HU_SET =  I_Q9_9" for instance <I_Q9> in unit <CB16CE_MXILINX_Test_LCD1x64>.
    Set user-defined property "HU_SET =  I_Q10_10" for instance <I_Q10> in unit <CB16CE_MXILINX_Test_LCD1x64>.
    Set user-defined property "HU_SET =  I_Q11_11" for instance <I_Q11> in unit <CB16CE_MXILINX_Test_LCD1x64>.
    Set user-defined property "HU_SET =  I_Q12_12" for instance <I_Q12> in unit <CB16CE_MXILINX_Test_LCD1x64>.
    Set user-defined property "HU_SET =  I_Q13_13" for instance <I_Q13> in unit <CB16CE_MXILINX_Test_LCD1x64>.
    Set user-defined property "HU_SET =  I_Q14_14" for instance <I_Q14> in unit <CB16CE_MXILINX_Test_LCD1x64>.
    Set user-defined property "HU_SET =  I_Q15_15" for instance <I_Q15> in unit <CB16CE_MXILINX_Test_LCD1x64>.
Entity <CB16CE_MXILINX_Test_LCD1x64> analyzed. Unit <CB16CE_MXILINX_Test_LCD1x64> generated.

Analyzing generic Entity <FTCE_MXILINX_Test_LCD1x64> in library <work> (Architecture <behavioral>).
	INIT = '0'
    Set user-defined property "INIT =  0" for instance <I_36_35> in unit <FTCE_MXILINX_Test_LCD1x64>.
    Set user-defined property "RLOC =  X0Y0" for instance <I_36_35> in unit <FTCE_MXILINX_Test_LCD1x64>.
Entity <FTCE_MXILINX_Test_LCD1x64> analyzed. Unit <FTCE_MXILINX_Test_LCD1x64> generated.


=========================================================================
*                           HDL Synthesis                               *
=========================================================================

Performing bidirectional port resolution...

Synthesizing Unit <FTCE_MXILINX_Test_LCD1x64>.
    Related source file is "C:/Users/lab/Desktop/swks/lcd_ps/Test_LCD1x64.vhf".
Unit <FTCE_MXILINX_Test_LCD1x64> synthesized.


Synthesizing Unit <CB16CE_MXILINX_Test_LCD1x64>.
    Related source file is "C:/Users/lab/Desktop/swks/lcd_ps/Test_LCD1x64.vhf".
Unit <CB16CE_MXILINX_Test_LCD1x64> synthesized.


Synthesizing Unit <Test_LCD1x64>.
    Related source file is "C:/Users/lab/Desktop/swks/lcd_ps/Test_LCD1x64.vhf".
WARNING:Xst:653 - Signal <Line1<47:16>> is used but never assigned. This sourceless signal will be automatically connected to value 00000000000000000000000000000000.
WARNING:Xst:653 - Signal <Blank1<15:12>> is used but never assigned. This sourceless signal will be automatically connected to value 0000.
WARNING:Xst:653 - Signal <Blank1<3:0>> is used but never assigned. This sourceless signal will be automatically connected to value 0000.
Unit <Test_LCD1x64> synthesized.


=========================================================================
HDL Synthesis Report

Found no macro
=========================================================================

=========================================================================
*                       Advanced HDL Synthesis                          *
=========================================================================

Reading core <LCD1x64.ngc>.
Reading core <RotaryEnc.ngc>.
Loading core <LCD1x64> for timing and area information for instance <XLXI_1>.
Loading core <RotaryEnc> for timing and area information for instance <XLXI_2>.

=========================================================================
Advanced HDL Synthesis Report

Macro Statistics
# Registers                                            : 32
 Flip-Flops                                            : 32

=========================================================================

=========================================================================
*                         Low Level Synthesis                           *
=========================================================================

Optimizing unit <Test_LCD1x64> ...

Optimizing unit <FTCE_MXILINX_Test_LCD1x64> ...

Optimizing unit <CB16CE_MXILINX_Test_LCD1x64> ...

Mapping all equations...
Building and optimizing final netlist ...
Found area constraint ratio of 100 (+ 5) on block Test_LCD1x64, actual ratio is 2.
INFO:Xst:2260 - The FF/Latch <cntDigit_0> in Unit <XLXI_1> is equivalent to the following 4 FFs/Latches : <cntDigit_0_1> <cntDigit_0_2> <cntDigit_0_3> <cntDigit_0_4> 
INFO:Xst:2260 - The FF/Latch <cntDigit_1> in Unit <XLXI_1> is equivalent to the following 2 FFs/Latches : <cntDigit_1_1> <cntDigit_1_2> 
INFO:Xst:2260 - The FF/Latch <State_16> in Unit <XLXI_1> is equivalent to the following FF/Latch : <State_16_1> 
INFO:Xst:2260 - The FF/Latch <cntDigit_0> in Unit <XLXI_1> is equivalent to the following 4 FFs/Latches : <cntDigit_0_1> <cntDigit_0_2> <cntDigit_0_3> <cntDigit_0_4> 
INFO:Xst:2260 - The FF/Latch <cntDigit_1> in Unit <XLXI_1> is equivalent to the following 2 FFs/Latches : <cntDigit_1_1> <cntDigit_1_2> 
INFO:Xst:2260 - The FF/Latch <State_16> in Unit <XLXI_1> is equivalent to the following FF/Latch : <State_16_1> 

Final Macro Processing ...

=========================================================================
Final Register Report

Macro Statistics
# Registers                                            : 32
 Flip-Flops                                            : 32

=========================================================================

=========================================================================
*                           Partition Report                            *
=========================================================================

Partition Implementation Status
-------------------------------

  No Partitions were found in this design.

-------------------------------

=========================================================================
*                            Final Report                               *
=========================================================================
Final Results
RTL Top Level Output File Name     : Test_LCD1x64.ngr
Top Level Output File Name         : Test_LCD1x64
Output Format                      : NGC
Optimization Goal                  : Speed
Keep Hierarchy                     : No

Design Statistics
# IOs                              : 16

Cell Usage :
# BELS                             : 351
#      AND2                        : 10
#      AND3                        : 8
#      AND4                        : 8
#      AND5                        : 6
#      BUF                         : 8
#      GND                         : 3
#      INV                         : 4
#      LUT1                        : 26
#      LUT2                        : 32
#      LUT2_L                      : 4
#      LUT3                        : 64
#      LUT3_D                      : 1
#      LUT3_L                      : 3
#      LUT4                        : 34
#      LUT4_D                      : 3
#      LUT4_L                      : 11
#      MUXCY                       : 26
#      MUXF5                       : 21
#      MUXF6                       : 10
#      MUXF7                       : 5
#      VCC                         : 5
#      XOR2                        : 32
#      XORCY                       : 27
# FlipFlops/Latches                : 130
#      FD                          : 5
#      FDCE                        : 32
#      FDE                         : 11
#      FDR                         : 51
#      FDRE                        : 6
#      FDRS                        : 11
#      FDRSE                       : 3
#      FDS                         : 11
# Shift Registers                  : 2
#      SRL16                       : 2
# Clock Buffers                    : 1
#      BUFGP                       : 1
# IO Buffers                       : 15
#      IBUF                        : 7
#      IOBUF                       : 4
#      OBUF                        : 4
=========================================================================

Device utilization summary:
---------------------------

Selected Device : 3s500efg320-4 

 Number of Slices:                       92  out of   4656     1%  
 Number of Slice Flip Flops:            130  out of   9312     1%  
 Number of 4 input LUTs:                184  out of   9312     1%  
    Number used as logic:               182
    Number used as Shift registers:       2
 Number of IOs:                          16
 Number of bonded IOBs:                  16  out of    232     6%  
 Number of GCLKs:                         1  out of     24     4%  

---------------------------
Partition Resource Summary:
---------------------------

  No Partitions were found in this design.

---------------------------


=========================================================================
TIMING REPORT

NOTE: THESE TIMING NUMBERS ARE ONLY A SYNTHESIS ESTIMATE.
      FOR ACCURATE TIMING INFORMATION PLEASE REFER TO THE TRACE REPORT
      GENERATED AFTER PLACE-and-ROUTE.

Clock Information:
------------------
-----------------------------------+------------------------+-------+
Clock Signal                       | Clock buffer(FF name)  | Load  |
-----------------------------------+------------------------+-------+
Clk_50MHz                          | BUFGP                  | 132   |
-----------------------------------+------------------------+-------+

Asynchronous Control Signals Information:
----------------------------------------
-----------------------------------+------------------------+-------+
Control Signal                     | Buffer(FF name)        | Load  |
-----------------------------------+------------------------+-------+
ROT_CENTER                         | IBUF                   | 32    |
-----------------------------------+------------------------+-------+

Timing Summary:
---------------
Speed Grade: -4

   Minimum period: 7.827ns (Maximum Frequency: 127.763MHz)
   Minimum input arrival time before clock: 7.887ns
   Maximum output required time after clock: 5.998ns
   Maximum combinational path delay: No path found

Timing Detail:
--------------
All values displayed in nanoseconds (ns)

=========================================================================
Timing constraint: Default period analysis for Clock 'Clk_50MHz'
  Clock period: 7.827ns (frequency: 127.763MHz)
  Total number of paths / destination ports: 2160 / 233
-------------------------------------------------------------------------
Delay:               7.827ns (Levels of Logic = 6)
  Source:            XLXI_4/I_Q0/I_36_35 (FF)
  Destination:       XLXI_4/I_Q15/I_36_35 (FF)
  Source Clock:      Clk_50MHz rising
  Destination Clock: Clk_50MHz rising

  Data Path: XLXI_4/I_Q0/I_36_35 to XLXI_4/I_Q15/I_36_35
                                Gate     Net
    Cell:in->out      fanout   Delay   Delay  Logical Name (Net Name)
    ----------------------------------------  ------------
     FDCE:C->Q             6   0.591   0.669  I_36_35 (Q)
     end scope: 'I_Q0'
     AND4:I3->O            5   0.704   0.633  I_36_10 (T4)
     AND5:I4->O            5   0.704   0.633  I_36_14 (T8)
     AND5:I4->O            5   0.704   0.633  I_36_29 (T12)
     AND2:I1->O            1   0.704   0.420  I_36_23 (T13)
     begin scope: 'I_Q13'
     XOR2:I0->O            1   0.704   0.420  I_36_32 (TQ)
     FDCE:D                    0.308          I_36_35
    ----------------------------------------
    Total                      7.827ns (4.419ns logic, 3.408ns route)
                                       (56.5% logic, 43.5% route)

=========================================================================
Timing constraint: Default OFFSET IN BEFORE for Clock 'Clk_50MHz'
  Total number of paths / destination ports: 69 / 48
-------------------------------------------------------------------------
Offset:              7.887ns (Levels of Logic = 9)
  Source:            SW_1 (PAD)
  Destination:       XLXI_1/regDI_2 (FF)
  Destination Clock: Clk_50MHz rising

  Data Path: SW_1 to XLXI_1/regDI_2
                                Gate     Net
    Cell:in->out      fanout   Delay   Delay  Logical Name (Net Name)
    ----------------------------------------  ------------
     IBUF:I->O             1   1.218   0.420  SW_1_IBUF (SW_1_IBUF)
     BUF:I->O              1   0.704   0.595  XLXI_30 (Blank1<7>)
     begin scope: 'XLXI_1'
     LUT3:I0->O            1   0.704   0.000  Mmux_Blank_mux0000_62 (Mmux_Blank_mux0000_62)
     MUXF5:I1->O           1   0.321   0.000  Mmux_Blank_mux0000_5_f5_0 (Mmux_Blank_mux0000_5_f51)
     MUXF6:I1->O           1   0.521   0.000  Mmux_Blank_mux0000_4_f6 (Mmux_Blank_mux0000_4_f6)
     MUXF7:I0->O           7   0.521   0.743  Mmux_Blank_mux0000_2_f7 (Blank_mux0000)
     LUT3:I2->O            1   0.704   0.424  regDI_mux0001<5>112 (regDI_mux0001<5>112)
     LUT4:I3->O            1   0.704   0.000  regDI_mux0001<5>1221 (regDI_mux0001<5>122)
     FDS:D                     0.308          regDI_2
    ----------------------------------------
    Total                      7.887ns (5.705ns logic, 2.182ns route)
                                       (72.3% logic, 27.7% route)

=========================================================================
Timing constraint: Default OFFSET OUT AFTER for Clock 'Clk_50MHz'
  Total number of paths / destination ports: 26 / 7
-------------------------------------------------------------------------
Offset:              5.998ns (Levels of Logic = 3)
  Source:            XLXI_1/State_20 (FF)
  Destination:       LCD_RW (PAD)
  Source Clock:      Clk_50MHz rising

  Data Path: XLXI_1/State_20 to LCD_RW
                                Gate     Net
    Cell:in->out      fanout   Delay   Delay  Logical Name (Net Name)
    ----------------------------------------  ------------
     FDRSE:C->Q            4   0.591   0.762  State_20 (State<20>)
     LUT2:I0->O            6   0.704   0.669  T_or00001 (LCD_RW)
     end scope: 'XLXI_1'
     OBUF:I->O                 3.272          LCD_RW_OBUF (LCD_RW)
    ----------------------------------------
    Total                      5.998ns (4.567ns logic, 1.431ns route)
                                       (76.1% logic, 23.9% route)

=========================================================================


Total REAL time to Xst completion: 5.00 secs
Total CPU time to Xst completion: 5.52 secs
 
--> 

Total memory usage is 217864 kilobytes

Number of errors   :    0 (   0 filtered)
Number of warnings :    9 (   0 filtered)
Number of infos    :    6 (   0 filtered)

